[2026-02-07 01:35:23] root: INFO: Starting Flye 2.9.6-b1802
[2026-02-07 01:35:23] root: DEBUG: Cmd: /opt/anaconda3/envs/flye_env/bin/flye --nano-raw SRR32410565.fastq.gz --out-dir flye_out --genome-size 5m --threads 2
[2026-02-07 01:35:23] root: DEBUG: Python version: 3.11.14 | packaged by conda-forge | (main, Jan 27 2026, 00:01:01) [Clang 19.1.7 ]
[2026-02-07 01:35:23] root: INFO: >>>STAGE: configure
[2026-02-07 01:35:23] root: INFO: Configuring run
[2026-02-07 01:35:38] root: INFO: Total read length: 809296219
[2026-02-07 01:35:38] root: INFO: Input genome size: 5000000
[2026-02-07 01:35:38] root: INFO: Estimated coverage: 161
[2026-02-07 01:35:38] root: INFO: Reads N50/N90: 4683 / 2687
[2026-02-07 01:35:38] root: INFO: Minimum overlap set to 3000
[2026-02-07 01:35:38] root: INFO: >>>STAGE: assembly
[2026-02-07 01:35:38] root: INFO: Assembling disjointigs
[2026-02-07 01:35:38] root: DEBUG: -----Begin assembly log------
[2026-02-07 01:35:38] root: DEBUG: Running: flye-modules assemble --reads /Users/kexin/Desktop/assign1/SRR32410565.fastq.gz --out-asm /Users/kexin/Desktop/assign1/flye_out/00-assembly/draft_assembly.fasta --config /opt/anaconda3/envs/flye_env/lib/python3.11/site-packages/flye/config/bin_cfg/asm_raw_reads.cfg --log /Users/kexin/Desktop/assign1/flye_out/flye.log --threads 2 --genome-size 5000000 --min-ovlp 3000
[2026-02-07 01:35:38] DEBUG: Build date: May  4 2025 23:15:32
[2026-02-07 01:35:38] DEBUG: Total RAM: 8 Gb
[2026-02-07 01:35:38] DEBUG: Available RAM: 0 Gb
[2026-02-07 01:35:38] DEBUG: Total CPUs: 8
[2026-02-07 01:35:38] DEBUG: Loading /opt/anaconda3/envs/flye_env/lib/python3.11/site-packages/flye/config/bin_cfg/asm_raw_reads.cfg
[2026-02-07 01:35:38] DEBUG: Loading /opt/anaconda3/envs/flye_env/lib/python3.11/site-packages/flye/config/bin_cfg/asm_defaults.cfg
[2026-02-07 01:35:38] DEBUG: 	big_genome_threshold=29000000
[2026-02-07 01:35:38] DEBUG: 	meta_read_filter_kmer_freq=100
[2026-02-07 01:35:38] DEBUG: 	chain_large_gap_penalty=2
[2026-02-07 01:35:38] DEBUG: 	chain_small_gap_penalty=0.5
[2026-02-07 01:35:38] DEBUG: 	chain_gap_jump_threshold=100
[2026-02-07 01:35:38] DEBUG: 	max_jump_gap=500
[2026-02-07 01:35:38] DEBUG: 	max_coverage_drop_rate=5
[2026-02-07 01:35:38] DEBUG: 	max_extensions_drop_rate=5
[2026-02-07 01:35:38] DEBUG: 	chimera_window=100
[2026-02-07 01:35:38] DEBUG: 	chimera_overhang=1000
[2026-02-07 01:35:38] DEBUG: 	min_reads_in_disjointig=4
[2026-02-07 01:35:38] DEBUG: 	max_inner_reads=10
[2026-02-07 01:35:38] DEBUG: 	max_inner_fraction=0.25
[2026-02-07 01:35:38] DEBUG: 	aggressive_dup_filter=1
[2026-02-07 01:35:38] DEBUG: 	max_separation=500
[2026-02-07 01:35:38] DEBUG: 	unique_edge_length=50000
[2026-02-07 01:35:38] DEBUG: 	min_repeat_res_support=0.51
[2026-02-07 01:35:38] DEBUG: 	out_paths_ratio=5
[2026-02-07 01:35:38] DEBUG: 	graph_cov_drop_rate=5
[2026-02-07 01:35:38] DEBUG: 	coverage_estimate_window=100
[2026-02-07 01:35:38] DEBUG: 	max_bubble_length=50000
[2026-02-07 01:35:38] DEBUG: 	loop_coverage_rate=1.5
[2026-02-07 01:35:38] DEBUG: 	repeat_edge_cov_mult=1.75
[2026-02-07 01:35:38] DEBUG: 	weak_detach_rate=5
[2026-02-07 01:35:38] DEBUG: 	tip_coverage_rate=2
[2026-02-07 01:35:38] DEBUG: 	tip_length_rate=2
[2026-02-07 01:35:38] DEBUG: 	output_gfa_before_rr=1
[2026-02-07 01:35:38] DEBUG: 	remove_alt_edges=0
[2026-02-07 01:35:38] DEBUG: 	low_cutoff_warning=1
[2026-02-07 01:35:38] DEBUG: 	kmer_size=17
[2026-02-07 01:35:38] DEBUG: 	use_minimizers=0
[2026-02-07 01:35:38] DEBUG: 	reads_base_alignment=0
[2026-02-07 01:35:38] DEBUG: 	meta_read_top_kmer_rate=0.40
[2026-02-07 01:35:38] DEBUG: 	maximum_jump=1500
[2026-02-07 01:35:38] DEBUG: 	maximum_overhang=1500
[2026-02-07 01:35:38] DEBUG: 	repeat_kmer_rate=100
[2026-02-07 01:35:38] DEBUG: 	assemble_ovlp_divergence=0.10
[2026-02-07 01:35:38] DEBUG: 	assemble_divergence_relative=1
[2026-02-07 01:35:38] DEBUG: 	repeat_graph_ovlp_divergence=0.08
[2026-02-07 01:35:38] DEBUG: 	read_align_ovlp_divergence=0.25
[2026-02-07 01:35:38] DEBUG: 	hpc_scoring_on=0
[2026-02-07 01:35:38] DEBUG: 	add_unassembled_reads=0
[2026-02-07 01:35:38] DEBUG: 	extend_contigs_with_repeats=0
[2026-02-07 01:35:38] DEBUG: 	min_read_cov_cutoff=3
[2026-02-07 01:35:38] DEBUG: 	short_tip_length=20000
[2026-02-07 01:35:38] DEBUG: 	long_tip_length=100000
[2026-02-07 01:35:38] DEBUG: Running with k-mer size: 17
[2026-02-07 01:35:38] DEBUG: Running with minimum overlap 3000
[2026-02-07 01:35:38] DEBUG: Metagenome mode: N
[2026-02-07 01:35:38] DEBUG: Short mode: N
[2026-02-07 01:35:38] INFO: Reading sequences
[2026-02-07 01:35:52] DEBUG: Building positional index
[2026-02-07 01:35:52] DEBUG: Total sequence: 689064639 bp
[2026-02-07 01:35:54] INFO: Counting k-mers:
[2026-02-07 02:00:39] DEBUG: Updating k-mer histogram
[2026-02-07 02:01:00] DEBUG: Hash size: 5002278
[2026-02-07 02:01:00] DEBUG: Total k-mers 78433744
[2026-02-07 02:01:00] INFO: Filling index table (1/2)
[2026-02-07 02:27:53] DEBUG: Mean k-mer frequency: 62.1631
[2026-02-07 02:27:53] DEBUG: Repetitive k-mer frequency: 6216
[2026-02-07 02:27:53] DEBUG: Filtered 158988 repetitive k-mers (0.000562323)
[2026-02-07 02:27:53] INFO: Filling index table (2/2)
[2026-02-07 03:15:51] DEBUG: Sorting k-mer index
[2026-02-07 03:15:52] DEBUG: Selected k-mers: 6460287
[2026-02-07 03:15:52] DEBUG: Index size: 284463529
[2026-02-07 03:15:52] DEBUG: Mean k-mer index frequency: 44.0326
[2026-02-07 03:15:52] DEBUG: Peak RAM usage: 2 Gb
[2026-02-07 03:15:52] DEBUG: Estimating k-mer identity bias
[2026-02-07 03:16:08] DEBUG: Initial divergence estimate : 0.0567237
[2026-02-07 03:16:08] DEBUG: Relative threshold: Y
[2026-02-07 03:16:08] DEBUG: Max divergence threshold set to 0.156724
[2026-02-07 03:16:08] INFO: Extending reads
[2026-02-07 03:16:08] DEBUG: Estimating overlap coverage
[2026-02-07 03:16:38] INFO: Overlap-based coverage: 117
[2026-02-07 03:16:38] INFO: Median overlap divergence: 0.0565201
[2026-02-07 03:16:38] DEBUG: Sequence divergence distribution: 

    |          **                   |                                                                    
    |          **                   |                                                                    
    |          **                   |                                                                    
    |          **                   |                                                                    
    |          **                   |                                                                    
    |         ***                   |                                                                    
    |        *****                  |                                                                    
    |        *****                  |                                                                    
    |        *****                  |                                                                    
    |        *****                  |                                                                    
    |        *****                  |                                                                    
    |       ********                |                                                                    
    |       ********                |                                                                    
    |      ********* *              |                                                                    
    |     *************             |                                                                    
    |    **************  *          |                                                                    
    |    *****************          |                                                                    
    |    ***************** *        |                                                                    
    |  ************************  * *|                                                                    
    | **************************** ** **  ***   **          *                                            
    ----------------------------------------------------------------------------------------------------
    0%        5%        10%       15%       20%       25%       30%       35%       40%       45%       

    Q25 = 0.045, Q50 = 0.057, Q75 = 0.075

[2026-02-07 03:17:08] DEBUG: Assembled disjointig 1
	With 600 reads
	Start read: +SRR32410565.189866
	At position: 227
	leftTip: 0 rightTip: 0
	Suspicious: 22
	Short ext: 13
	Mean extensions: 63
	Avg overlap len: 5516
	Min overlap len: 1618
	Inner reads: 0
	Length: 1317086
[2026-02-07 03:17:08] DEBUG: Inner: 77644 covered: 74342 total: 284482
[2026-02-07 03:17:08] DEBUG: Discarded disjointig with 724 reads and 239 inner overlaps
[2026-02-07 03:17:22] DEBUG: Assembled disjointig 2
	With 323 reads
	Start read: +SRR32410565.130145
	At position: 69
	leftTip: 0 rightTip: 0
	Suspicious: 6
	Short ext: 4
	Mean extensions: 50
	Avg overlap len: 5358
	Min overlap len: 1229
	Inner reads: 0
	Length: 704262
[2026-02-07 03:17:22] DEBUG: Inner: 111340 covered: 106274 total: 284482
[2026-02-07 03:17:32] DEBUG: Discarded disjointig with 597 reads and 296 inner overlaps
[2026-02-07 03:17:34] DEBUG: Assembled disjointig 3
	With 458 reads
	Start read: +SRR32410565.131481
	At position: 116
	leftTip: 0 rightTip: 0
	Suspicious: 11
	Short ext: 6
	Mean extensions: 47
	Avg overlap len: 5430
	Min overlap len: 1801
	Inner reads: 0
	Length: 970551
[2026-02-07 03:17:34] DEBUG: Inner: 153748 covered: 146756 total: 284482
[2026-02-07 03:17:44] DEBUG: Assembled disjointig 4
	With 347 reads
	Start read: +SRR32410565.169561
	At position: 90
	leftTip: 0 rightTip: 0
	Suspicious: 12
	Short ext: 6
	Mean extensions: 62
	Avg overlap len: 5653
	Min overlap len: 1039
	Inner reads: 0
	Length: 738989
[2026-02-07 03:17:44] DEBUG: Inner: 194774 covered: 185726 total: 284482
[2026-02-07 03:17:45] DEBUG: Assembled disjointig 5
	With 212 reads
	Start read: +SRR32410565.88755
	At position: 22
	leftTip: 0 rightTip: 0
	Suspicious: 1
	Short ext: 1
	Mean extensions: 72
	Avg overlap len: 5691
	Min overlap len: 2523
	Inner reads: 0
	Length: 451710
[2026-02-07 03:17:45] DEBUG: Inner: 223678 covered: 213288 total: 284482
[2026-02-07 03:17:45] DEBUG: Discarded disjointig with 161 reads and 159 inner overlaps
[2026-02-07 03:17:46] DEBUG: Assembled disjointig 6
	With 49 reads
	Start read: +SRR32410565.119230
	At position: 46
	leftTip: 0 rightTip: 0
	Suspicious: 1
	Short ext: 1
	Mean extensions: 72
	Avg overlap len: 5454
	Min overlap len: 2129
	Inner reads: 0
	Length: 118400
[2026-02-07 03:17:46] DEBUG: Inner: 229660 covered: 218910 total: 284482
[2026-02-07 03:17:48] DEBUG: Assembled disjointig 7
	With 259 reads
	Start read: +SRR32410565.79513
	At position: 26
	leftTip: 0 rightTip: 0
	Suspicious: 8
	Short ext: 5
	Mean extensions: 54
	Avg overlap len: 5512
	Min overlap len: 1530
	Inner reads: 0
	Length: 569722
[2026-02-07 03:17:48] DEBUG: Inner: 257016 covered: 244846 total: 284482
[2026-02-07 03:17:48] DEBUG: Discarded disjointig with 187 reads and 185 inner overlaps
[2026-02-07 03:17:48] DEBUG: Assembled disjointig 8
	With 14 reads
	Start read: +SRR32410565.105729
	At position: 8
	leftTip: 0 rightTip: 0
	Suspicious: 1
	Short ext: 1
	Mean extensions: 63
	Avg overlap len: 4871
	Min overlap len: 2885
	Inner reads: 0
	Length: 33599
[2026-02-07 03:17:49] DEBUG: Inner: 258114 covered: 245944 total: 284482
[2026-02-07 03:17:53] DEBUG: Assembled disjointig 9
	With 65 reads
	Start read: +SRR32410565.50922
	At position: 14
	leftTip: 0 rightTip: 0
	Suspicious: 1
	Short ext: 0
	Mean extensions: 72
	Avg overlap len: 5668
	Min overlap len: 3254
	Inner reads: 0
	Length: 134519
[2026-02-07 03:17:53] DEBUG: Inner: 265076 covered: 252580 total: 284482
[2026-02-07 03:17:53] DEBUG: Discarded disjointig with 53 reads and 51 inner overlaps
[2026-02-07 03:17:56] DEBUG: Assembled disjointig 10
	With 61 reads
	Start read: +SRR32410565.82838
	At position: 55
	leftTip: 0 rightTip: 0
	Suspicious: 1
	Short ext: 1
	Mean extensions: 86
	Avg overlap len: 5605
	Min overlap len: 1215
	Inner reads: 0
	Length: 131864
[2026-02-07 03:17:56] DEBUG: Inner: 273952 covered: 261190 total: 284482
[2026-02-07 03:17:57] DEBUG: Discarded disjointig with 54 reads and 52 inner overlaps
[2026-02-07 03:17:59] DEBUG: Assembled disjointig 11
	With 11 reads
	Start read: +SRR32410565.63155
	At position: 7
	leftTip: 0 rightTip: 0
	Suspicious: 2
	Short ext: 0
	Mean extensions: 74
	Avg overlap len: 4714
	Min overlap len: 3171
	Inner reads: 0
	Length: 25045
[2026-02-07 03:17:59] DEBUG: Inner: 274564 covered: 261902 total: 284482
[2026-02-07 03:17:59] DEBUG: Assembled disjointig 12
	With 4 reads
	Start read: +SRR32410565.190441
	At position: 3
	leftTip: 0 rightTip: 0
	Suspicious: 1
	Short ext: 0
	Mean extensions: 28
	Avg overlap len: 3881
	Min overlap len: 3501
	Inner reads: 1
	Length: 11343
[2026-02-07 03:17:59] DEBUG: Inner: 274566 covered: 261904 total: 284482
[2026-02-07 03:18:03] DEBUG: Assembled disjointig 13
	With 7 reads
	Start read: +SRR32410565.91199
	At position: 4
	leftTip: 0 rightTip: 0
	Suspicious: 1
	Short ext: 1
	Mean extensions: 63
	Avg overlap len: 4697
	Min overlap len: 2858
	Inner reads: 0
	Length: 17739
[2026-02-07 03:18:03] DEBUG: Inner: 274714 covered: 262132 total: 284482
[2026-02-07 03:19:35] INFO: Assembled 13 disjointigs
[2026-02-07 03:19:35] INFO: Generating sequence
[2026-02-07 03:19:35] DEBUG: Building positional index
[2026-02-07 03:19:35] DEBUG: Total sequence: 5223783 bp
[2026-02-07 03:19:36] DEBUG: Mean k-mer frequency: 1.03655
[2026-02-07 03:19:36] DEBUG: Repetitive k-mer frequency: 103
[2026-02-07 03:19:36] DEBUG: Filtered 0 repetitive k-mers (0)
[2026-02-07 03:19:37] DEBUG: Sorting k-mer index
[2026-02-07 03:19:37] DEBUG: Selected k-mers: 5039358
[2026-02-07 03:19:37] DEBUG: K-mer index size: 5223562
[2026-02-07 03:19:37] DEBUG: Mean k-mer frequency: 1.03655
[2026-02-07 03:19:37] DEBUG: Minimizer rate: 1.00004
[2026-02-07 03:19:37] INFO: Filtering contained disjointigs
[2026-02-07 03:19:37] DEBUG: Computing transitive closure for overlaps
[2026-02-07 03:19:37] DEBUG: Found 58 overlaps
[2026-02-07 03:19:37] DEBUG: Left 28 overlaps after filtering
[2026-02-07 03:19:37] INFO: Contained seqs: 2
[2026-02-07 03:19:37] DEBUG: Writing FASTA
[2026-02-07 03:19:38] DEBUG: Peak RAM usage: 2 Gb
-----------End assembly log------------
[2026-02-07 03:19:38] root: DEBUG: Disjointigs length: 5194702, N50: 738554
[2026-02-07 03:19:38] root: INFO: >>>STAGE: consensus
[2026-02-07 03:19:38] root: INFO: Running Minimap2
[2026-02-07 03:21:17] root: INFO: Computing consensus
[2026-02-07 03:23:20] root: INFO: Alignment error rate: 0.036222
[2026-02-07 03:23:20] root: INFO: >>>STAGE: repeat
[2026-02-07 03:23:20] root: INFO: Building and resolving repeat graph
[2026-02-07 03:23:20] root: DEBUG: -----Begin repeat analyser log------
[2026-02-07 03:23:20] root: DEBUG: Running: flye-modules repeat --disjointigs /Users/kexin/Desktop/assign1/flye_out/10-consensus/consensus.fasta --reads /Users/kexin/Desktop/assign1/SRR32410565.fastq.gz --out-dir /Users/kexin/Desktop/assign1/flye_out/20-repeat --config /opt/anaconda3/envs/flye_env/lib/python3.11/site-packages/flye/config/bin_cfg/asm_raw_reads.cfg --log /Users/kexin/Desktop/assign1/flye_out/flye.log --threads 2 --min-ovlp 3000
[2026-02-07 03:23:20] DEBUG: Build date: May  4 2025 23:15:38
[2026-02-07 03:23:20] DEBUG: Total RAM: 8 Gb
[2026-02-07 03:23:20] DEBUG: Available RAM: 0 Gb
[2026-02-07 03:23:20] DEBUG: Total CPUs: 8
[2026-02-07 03:23:20] DEBUG: Loading /opt/anaconda3/envs/flye_env/lib/python3.11/site-packages/flye/config/bin_cfg/asm_raw_reads.cfg
[2026-02-07 03:23:20] DEBUG: Loading /opt/anaconda3/envs/flye_env/lib/python3.11/site-packages/flye/config/bin_cfg/asm_defaults.cfg
[2026-02-07 03:23:20] DEBUG: 	big_genome_threshold=29000000
[2026-02-07 03:23:20] DEBUG: 	meta_read_filter_kmer_freq=100
[2026-02-07 03:23:20] DEBUG: 	chain_large_gap_penalty=2
[2026-02-07 03:23:20] DEBUG: 	chain_small_gap_penalty=0.5
[2026-02-07 03:23:20] DEBUG: 	chain_gap_jump_threshold=100
[2026-02-07 03:23:20] DEBUG: 	max_jump_gap=500
[2026-02-07 03:23:20] DEBUG: 	max_coverage_drop_rate=5
[2026-02-07 03:23:20] DEBUG: 	max_extensions_drop_rate=5
[2026-02-07 03:23:20] DEBUG: 	chimera_window=100
[2026-02-07 03:23:20] DEBUG: 	chimera_overhang=1000
[2026-02-07 03:23:20] DEBUG: 	min_reads_in_disjointig=4
[2026-02-07 03:23:20] DEBUG: 	max_inner_reads=10
[2026-02-07 03:23:20] DEBUG: 	max_inner_fraction=0.25
[2026-02-07 03:23:20] DEBUG: 	aggressive_dup_filter=1
[2026-02-07 03:23:20] DEBUG: 	max_separation=500
[2026-02-07 03:23:20] DEBUG: 	unique_edge_length=50000
[2026-02-07 03:23:20] DEBUG: 	min_repeat_res_support=0.51
[2026-02-07 03:23:20] DEBUG: 	out_paths_ratio=5
[2026-02-07 03:23:20] DEBUG: 	graph_cov_drop_rate=5
[2026-02-07 03:23:20] DEBUG: 	coverage_estimate_window=100
[2026-02-07 03:23:20] DEBUG: 	max_bubble_length=50000
[2026-02-07 03:23:20] DEBUG: 	loop_coverage_rate=1.5
[2026-02-07 03:23:20] DEBUG: 	repeat_edge_cov_mult=1.75
[2026-02-07 03:23:20] DEBUG: 	weak_detach_rate=5
[2026-02-07 03:23:20] DEBUG: 	tip_coverage_rate=2
[2026-02-07 03:23:20] DEBUG: 	tip_length_rate=2
[2026-02-07 03:23:20] DEBUG: 	output_gfa_before_rr=1
[2026-02-07 03:23:20] DEBUG: 	remove_alt_edges=0
[2026-02-07 03:23:20] DEBUG: 	low_cutoff_warning=1
[2026-02-07 03:23:20] DEBUG: 	kmer_size=17
[2026-02-07 03:23:20] DEBUG: 	use_minimizers=0
[2026-02-07 03:23:20] DEBUG: 	reads_base_alignment=0
[2026-02-07 03:23:20] DEBUG: 	meta_read_top_kmer_rate=0.40
[2026-02-07 03:23:20] DEBUG: 	maximum_jump=1500
[2026-02-07 03:23:20] DEBUG: 	maximum_overhang=1500
[2026-02-07 03:23:20] DEBUG: 	repeat_kmer_rate=100
[2026-02-07 03:23:20] DEBUG: 	assemble_ovlp_divergence=0.10
[2026-02-07 03:23:20] DEBUG: 	assemble_divergence_relative=1
[2026-02-07 03:23:20] DEBUG: 	repeat_graph_ovlp_divergence=0.08
[2026-02-07 03:23:20] DEBUG: 	read_align_ovlp_divergence=0.25
[2026-02-07 03:23:20] DEBUG: 	hpc_scoring_on=0
[2026-02-07 03:23:20] DEBUG: 	add_unassembled_reads=0
[2026-02-07 03:23:20] DEBUG: 	extend_contigs_with_repeats=0
[2026-02-07 03:23:20] DEBUG: 	min_read_cov_cutoff=3
[2026-02-07 03:23:20] DEBUG: 	short_tip_length=20000
[2026-02-07 03:23:20] DEBUG: 	long_tip_length=100000
[2026-02-07 03:23:20] DEBUG: Running with k-mer size: 17
[2026-02-07 03:23:20] DEBUG: Selected minimum overlap 3000
[2026-02-07 03:23:20] DEBUG: Metagenome mode: N
[2026-02-07 03:23:20] INFO: Parsing disjointigs
[2026-02-07 03:23:20] DEBUG: Building positional index
[2026-02-07 03:23:20] DEBUG: Total sequence: 5204251 bp
[2026-02-07 03:23:20] INFO: Building repeat graph
[2026-02-07 03:23:20] DEBUG: Mean k-mer frequency: 1.04139
[2026-02-07 03:23:20] DEBUG: Repetitive k-mer frequency: 104
[2026-02-07 03:23:20] DEBUG: Filtered 0 repetitive k-mers (0)
[2026-02-07 03:23:21] DEBUG: Sorting k-mer index
[2026-02-07 03:23:21] DEBUG: Selected k-mers: 4997206
[2026-02-07 03:23:21] DEBUG: K-mer index size: 5204064
[2026-02-07 03:23:21] DEBUG: Mean k-mer frequency: 1.04139
[2026-02-07 03:23:21] DEBUG: Minimizer rate: 1.00004
[2026-02-07 03:23:22] DEBUG: Computing transitive closure for overlaps
[2026-02-07 03:23:22] DEBUG: Found 686 overlaps
[2026-02-07 03:23:22] DEBUG: Left 276 overlaps after filtering
[2026-02-07 03:23:22] INFO: Median overlap divergence: 0.0306196
[2026-02-07 03:23:22] DEBUG: Sequence divergence distribution: 

    |*               |                                                                                   
    |*               |                                                                                   
    |*               |                                                                                   
    |*               |                                                                                   
    |**              |                                                                                   
    |**              |                                                                                   
    |**              |                                                                                   
    |**              |                                                                                   
    |** *  * *       |                                                                                   
    |** *  * *       |                                                                                   
    |** *  * *       |                                                                                   
    |** *  * *       |                                                                                   
    |******* **    * |   *         *               *     *                                               
    |******* **    * |   *         *               *     *                                               
    |******* **    * |   *         *               *     *                                               
    |******* **    * |   *         *               *     *                                               
    |******* **    * | * *         *      * *      *     *                                               
    |******* **    * | * *         *      * *      *     *                                               
    |******* **    * | * *         *      * *      *     *                                               
    |******* **    * | * *         *      * *      *     *                                               
    ----------------------------------------------------------------------------------------------------
    0%        5%        10%       15%       20%       25%       30%       35%       40%       45%       

    Q25 = 0.01, Q50 = 0.031, Q75 = 0.1

[2026-02-07 03:23:22] DEBUG: Computing gluepoints
[2026-02-07 03:23:22] DEBUG: Added 0 gluepoint projections
[2026-02-07 03:23:22] DEBUG: Created 194 gluepoints
[2026-02-07 03:23:22] DEBUG: Artificial loops removed: 1 left, 1 right, 0 both
[2026-02-07 03:23:22] DEBUG: Initializing edges
[2026-02-07 03:23:22] DEBUG: Edges length checksum: 36016697661
[2026-02-07 03:23:22] DEBUG: Filtered 0 singleton segments
[2026-02-07 03:23:22] DEBUG: Removed 0 simple and 0 double chimeric junctions
[2026-02-07 03:23:22] DEBUG: Collapsed 16 edges
[2026-02-07 03:23:22] DEBUG:  	43	+disjointig_1	2483	7817	5334	
[2026-02-07 03:23:22] DEBUG: *	42	+disjointig_1	7817	157370	149553	
[2026-02-07 03:23:22] DEBUG:  	43	+disjointig_1	157370	162795	5425	
[2026-02-07 03:23:22] DEBUG: *	11	+disjointig_1	162795	384936	222141	
[2026-02-07 03:23:22] DEBUG:  	16	+disjointig_1	384936	388119	3183	
[2026-02-07 03:23:22] DEBUG: *	18	+disjointig_1	388119	943017	554898	
[2026-02-07 03:23:22] DEBUG: *	50	+disjointig_1	943017	955495	12478	
[2026-02-07 03:23:22] DEBUG: *	25	+disjointig_1	955495	1224822	269327	
[2026-02-07 03:23:22] DEBUG: *	51	+disjointig_1	1224822	1231116	6294	
[2026-02-07 03:23:22] DEBUG: *	-12	+disjointig_1	1231116	1312089	80973	
[2026-02-07 03:23:22] DEBUG:  	-43	+disjointig_1	1312089	1317257	5168	
[2026-02-07 03:23:22] DEBUG: *	52	+disjointig_10	23138	132196	109058	
[2026-02-07 03:23:22] DEBUG: *	54	+disjointig_11	1495	25167	23672	
[2026-02-07 03:23:22] DEBUG:  	-43	+disjointig_2	5	5123	5118	
[2026-02-07 03:23:22] DEBUG: *	44	+disjointig_2	5123	50074	44951	
[2026-02-07 03:23:22] DEBUG:  	16	+disjointig_2	50074	53256	3182	
[2026-02-07 03:23:22] DEBUG: *	49	+disjointig_2	53256	277830	224574	
[2026-02-07 03:23:22] DEBUG: *	-55	+disjointig_2	277830	315899	38069	
[2026-02-07 03:23:22] DEBUG:  	-53	+disjointig_2	315899	319542	3643	
[2026-02-07 03:23:22] DEBUG: *	-30	+disjointig_2	319542	701310	381768	
[2026-02-07 03:23:22] DEBUG: *	22	+disjointig_3	5332	964100	958768	
[2026-02-07 03:23:22] DEBUG:  	53	+disjointig_3	964100	967812	3712	
[2026-02-07 03:23:22] DEBUG:  	43	+disjointig_4	27	5266	5239	
[2026-02-07 03:23:22] DEBUG: *	47	+disjointig_4	5266	731309	726043	
[2026-02-07 03:23:22] DEBUG:  	-16	+disjointig_4	731309	734655	3346	
[2026-02-07 03:23:22] DEBUG:  	43	+disjointig_5	2482	7567	5085	
[2026-02-07 03:23:22] DEBUG: *	48	+disjointig_5	7567	447725	440158	
[2026-02-07 03:23:22] DEBUG: *	46	+disjointig_6	22671	54302	31631	
[2026-02-07 03:23:22] DEBUG:  	-43	+disjointig_6	54302	59718	5416	
[2026-02-07 03:23:22] DEBUG: *	45	+disjointig_6	59718	118598	58880	
[2026-02-07 03:23:22] DEBUG:  	-43	+disjointig_7	5432	11107	5675	
[2026-02-07 03:23:22] DEBUG: *	4	+disjointig_7	11107	565271	554164	
[2026-02-07 03:23:22] DEBUG:  	16	+disjointig_7	565271	568608	3337	
[2026-02-07 03:23:22] DEBUG:  	-43	+disjointig_8	1116	6358	5242	
[2026-02-07 03:23:22] DEBUG: *	7	+disjointig_8	6358	27759	21401	
[2026-02-07 03:23:22] DEBUG: *	-5	+disjointig_9	6020	80816	74796	
[2026-02-07 03:23:22] DEBUG:  	43	+disjointig_9	80816	86626	5810	
[2026-02-07 03:23:22] DEBUG: *	-3	+disjointig_9	86626	124767	38141	
[2026-02-07 03:23:22] DEBUG:  	43	+disjointig_9	124767	129838	5071	
[2026-02-07 03:23:22] DEBUG: Total edges: 55
[2026-02-07 03:23:22] INFO: Parsing reads
[2026-02-07 03:23:30] DEBUG: Building positional index
[2026-02-07 03:23:30] DEBUG: Total sequence: 809296219 bp
[2026-02-07 03:23:30] DEBUG: Building positional index
[2026-02-07 03:23:30] DEBUG: Total sequence: 5100724 bp
[2026-02-07 03:23:30] INFO: Aligning reads to the graph
[2026-02-07 03:23:31] DEBUG: Mean k-mer frequency: 1.02264
[2026-02-07 03:23:31] DEBUG: Repetitive k-mer frequency: 102
[2026-02-07 03:23:31] DEBUG: Filtered 0 repetitive k-mers (0)
[2026-02-07 03:23:31] DEBUG: Sorting k-mer index
[2026-02-07 03:23:31] DEBUG: Selected k-mers: 4987145
[2026-02-07 03:23:31] DEBUG: K-mer index size: 5100061
[2026-02-07 03:23:31] DEBUG: Mean k-mer frequency: 1.02264
[2026-02-07 03:23:31] DEBUG: Minimizer rate: 1.00013
[2026-02-07 03:25:21] DEBUG: Total reads : 142241
[2026-02-07 03:25:21] DEBUG: Read with aligned parts : 141184
[2026-02-07 03:25:21] DEBUG: Aligned in one piece : 140943
[2026-02-07 03:25:21] INFO: Aligned read sequence: 682169854 / 689064639 (0.989994)
[2026-02-07 03:25:21] INFO: Median overlap divergence: 0.00474858
[2026-02-07 03:25:21] DEBUG: Sequence divergence distribution: 

    |*                                                 |                                                 
    |*                                                 |                                                 
    |*                                                 |                                                 
    |*                                                 |                                                 
    |*                                                 |                                                 
    |*                                                 |                                                 
    |*                                                 |                                                 
    |*                                                 |                                                 
    |*                                                 |                                                 
    |**                                                |                                                 
    |**                                                |                                                 
    |**                                                |                                                 
    |**                                                |                                                 
    |**                                                |                                                 
    |**                                                |                                                 
    |**                                                |                                                 
    |**                                                |                                                 
    |***                                               |                                                 
    |***                                               |                                                 
    |************************************************* | * *                                             
    ----------------------------------------------------------------------------------------------------
    0%        5%        10%       15%       20%       25%       30%       35%       40%       45%       

    Q25 = 0.0035, Q50 = 0.0047, Q75 = 0.0072

[2026-02-07 03:25:21] INFO: Mean edge coverage: 132
[2026-02-07 03:25:21] DEBUG: 3	len:38141	cov:157	mult:1.18939
[2026-02-07 03:25:21] DEBUG: -3	len:38141	cov:157	mult:1.18939
[2026-02-07 03:25:21] DEBUG: 4	len:554164	cov:118	mult:0.893939
[2026-02-07 03:25:21] DEBUG: -4	len:554164	cov:118	mult:0.893939
[2026-02-07 03:25:21] DEBUG: 5	len:74796	cov:152	mult:1.15152
[2026-02-07 03:25:21] DEBUG: -5	len:74796	cov:152	mult:1.15152
[2026-02-07 03:25:21] DEBUG: 7	len:21401	cov:132	mult:1
[2026-02-07 03:25:21] DEBUG: -7	len:21401	cov:132	mult:1
[2026-02-07 03:25:21] DEBUG: 11	len:222141	cov:134	mult:1.01515
[2026-02-07 03:25:21] DEBUG: -11	len:222141	cov:134	mult:1.01515
[2026-02-07 03:25:21] DEBUG: 12	len:80973	cov:174	mult:1.31818
[2026-02-07 03:25:21] DEBUG: -12	len:80973	cov:174	mult:1.31818
[2026-02-07 03:25:21] DEBUG: 16	len:3262	cov:313	mult:2.37121
[2026-02-07 03:25:21] DEBUG: -16	len:3262	cov:313	mult:2.37121
[2026-02-07 03:25:21] DEBUG: 18	len:554898	cov:153	mult:1.15909
[2026-02-07 03:25:21] DEBUG: -18	len:554898	cov:153	mult:1.15909
[2026-02-07 03:25:21] DEBUG: 22	len:958768	cov:107	mult:0.810606
[2026-02-07 03:25:21] DEBUG: -22	len:958768	cov:107	mult:0.810606
[2026-02-07 03:25:21] DEBUG: 25	len:269327	cov:113	mult:0.856061
[2026-02-07 03:25:21] DEBUG: -25	len:269327	cov:113	mult:0.856061
[2026-02-07 03:25:21] DEBUG: 30	len:381768	cov:115	mult:0.871212
[2026-02-07 03:25:21] DEBUG: -30	len:381768	cov:115	mult:0.871212
[2026-02-07 03:25:21] DEBUG: 42	len:149553	cov:157	mult:1.18939
[2026-02-07 03:25:21] DEBUG: -42	len:149553	cov:157	mult:1.18939
[2026-02-07 03:25:21] DEBUG: 43	len:5325	cov:1158	mult:8.77273
[2026-02-07 03:25:21] DEBUG: -43	len:5325	cov:1158	mult:8.77273
[2026-02-07 03:25:21] DEBUG: 44	len:44951	cov:141	mult:1.06818
[2026-02-07 03:25:21] DEBUG: -44	len:44951	cov:141	mult:1.06818
[2026-02-07 03:25:21] DEBUG: 45	len:58880	cov:161	mult:1.2197
[2026-02-07 03:25:21] DEBUG: -45	len:58880	cov:161	mult:1.2197
[2026-02-07 03:25:21] DEBUG: 46	len:31631	cov:167	mult:1.26515
[2026-02-07 03:25:21] DEBUG: -46	len:31631	cov:167	mult:1.26515
[2026-02-07 03:25:21] DEBUG: 47	len:726043	cov:140	mult:1.06061
[2026-02-07 03:25:21] DEBUG: -47	len:726043	cov:140	mult:1.06061
[2026-02-07 03:25:21] DEBUG: 48	len:440158	cov:156	mult:1.18182
[2026-02-07 03:25:21] DEBUG: -48	len:440158	cov:156	mult:1.18182
[2026-02-07 03:25:21] DEBUG: 49	len:224574	cov:108	mult:0.818182
[2026-02-07 03:25:21] DEBUG: -49	len:224574	cov:108	mult:0.818182
[2026-02-07 03:25:21] DEBUG: 50	len:12478	cov:251	mult:1.90152
[2026-02-07 03:25:21] DEBUG: -50	len:12478	cov:251	mult:1.90152
[2026-02-07 03:25:21] DEBUG: 51	len:6294	cov:80	mult:0.606061
[2026-02-07 03:25:21] DEBUG: -51	len:6294	cov:80	mult:0.606061
[2026-02-07 03:25:21] DEBUG: 52	len:109058	cov:196	mult:1.48485
[2026-02-07 03:25:21] DEBUG: -52	len:109058	cov:196	mult:1.48485
[2026-02-07 03:25:21] DEBUG: 53	len:3677	cov:236	mult:1.78788
[2026-02-07 03:25:21] DEBUG: -53	len:3677	cov:236	mult:1.78788
[2026-02-07 03:25:21] DEBUG: 54	len:23672	cov:116	mult:0.878788
[2026-02-07 03:25:21] DEBUG: -54	len:23672	cov:116	mult:0.878788
[2026-02-07 03:25:21] DEBUG: 55	len:38069	cov:134	mult:1.01515
[2026-02-07 03:25:21] DEBUG: -55	len:38069	cov:134	mult:1.01515
[2026-02-07 03:25:21] DEBUG: Unique coverage threshold 274
[2026-02-07 03:25:21] INFO: Simplifying the graph
[2026-02-07 03:25:21] DEBUG: Read coverage cutoff: 26
[2026-02-07 03:25:21] DEBUG: [SIMPL] Removed 0 paths with low coverage
[2026-02-07 03:25:21] DEBUG: [SIMPL] Masked 0 heterozygous loops
[2026-02-07 03:25:21] DEBUG: [SIMPL] Masked 0 simple bubbles
[2026-02-07 03:25:21] DEBUG: Finding repeats
[2026-02-07 03:25:21] DEBUG: Read coverage cutoff: 26
[2026-02-07 03:25:21] DEBUG: High-cov: 16	3262	313
[2026-02-07 03:25:21] DEBUG: High-cov: 43	5325	1158
[2026-02-07 03:25:21] DEBUG: Repeat detection iteration 1
[2026-02-07 03:25:21] DEBUG: Starting 53 aln:339
[2026-02-07 03:25:21] DEBUG: 	    T 54	num:108	flank:3408	span:3
[2026-02-07 03:25:21] DEBUG: 	      55	num:105	flank:3643	span:3
[2026-02-07 03:25:21] DEBUG: Starting -53 aln:339
[2026-02-07 03:25:21] DEBUG: 	      -22	num:81	flank:3420	span:3
[2026-02-07 03:25:21] DEBUG: 	      -30	num:74	flank:3579	span:3
[2026-02-07 03:25:21] DEBUG: Mult: 53	3677	236	 (1,1)
[2026-02-07 03:25:21] DEBUG: Starting 51 aln:171
[2026-02-07 03:25:21] DEBUG: 	      30	num:16	flank:2561	span:3
[2026-02-07 03:25:21] DEBUG: 	      -12	num:29	flank:2638	span:5
[2026-02-07 03:25:21] DEBUG: Starting -51 aln:171
[2026-02-07 03:25:21] DEBUG: 	      -48	num:87	flank:3514	span:3
[2026-02-07 03:25:21] DEBUG: 	      -25	num:39	flank:2758	span:1
[2026-02-07 03:25:21] DEBUG: Mult: 51	6294	80	 (1,1)
[2026-02-07 03:25:21] DEBUG: Starting 50 aln:537
[2026-02-07 03:25:21] DEBUG: 	      -5	num:117	flank:4292	span:5
[2026-02-07 03:25:21] DEBUG: 	      25	num:108	flank:3386	span:3
[2026-02-07 03:25:21] DEBUG: Starting -50 aln:537
[2026-02-07 03:25:21] DEBUG: 	      22	num:109	flank:3285	span:34
[2026-02-07 03:25:21] DEBUG: 	      -18	num:203	flank:4363	span:3
[2026-02-07 03:25:21] DEBUG: Mult: 50	12478	251	 (1,1)
[2026-02-07 03:25:21] DEBUG: Starting 55 aln:328
[2026-02-07 03:25:21] DEBUG: 	      -7	num:104	flank:3266	span:5
[2026-02-07 03:25:21] DEBUG: 	      -49	num:119	flank:3355	span:5
[2026-02-07 03:25:21] DEBUG: Mult: 55	38069	134	 (0,1)
[2026-02-07 03:25:21] DEBUG: Writing Dot
[2026-02-07 03:25:21] DEBUG: Writing FASTA
[2026-02-07 03:25:21] DEBUG: Writing Gfa
[2026-02-07 03:25:21] DEBUG: [SIMPL] == Iteration 1 ==
[2026-02-07 03:25:21] DEBUG: Splitting nodes
[2026-02-07 03:25:21] DEBUG: [SIMPL] Split 0 nodes
[2026-02-07 03:25:21] DEBUG: Tip 54 len:23672 cov:116
[2026-02-07 03:25:21] DEBUG: [SIMPL] Clipped 0 short and 1 long tips
[2026-02-07 03:25:21] DEBUG: [SIMPL] Masked 0 heterozygous loops
[2026-02-07 03:25:21] DEBUG: [SIMPL] Masked 0 simple bubbles
[2026-02-07 03:25:21] DEBUG: Finding repeats
[2026-02-07 03:25:21] DEBUG: Read coverage cutoff: 26
[2026-02-07 03:25:21] DEBUG: High-cov: 16	3262	313
[2026-02-07 03:25:21] DEBUG: High-cov: 43	5325	1158
[2026-02-07 03:25:21] DEBUG: Repeat detection iteration 1
[2026-02-07 03:25:21] DEBUG: Starting 51 aln:171
[2026-02-07 03:25:21] DEBUG: 	      30	num:16	flank:2561	span:3
[2026-02-07 03:25:21] DEBUG: 	      -12	num:29	flank:2638	span:5
[2026-02-07 03:25:21] DEBUG: Starting -51 aln:171
[2026-02-07 03:25:21] DEBUG: 	      -48	num:87	flank:3514	span:3
[2026-02-07 03:25:21] DEBUG: 	      -25	num:39	flank:2758	span:1
[2026-02-07 03:25:21] DEBUG: Mult: 51	6294	80	 (1,1)
[2026-02-07 03:25:21] DEBUG: Starting 50 aln:537
[2026-02-07 03:25:21] DEBUG: 	      -5	num:117	flank:4292	span:5
[2026-02-07 03:25:21] DEBUG: 	      25	num:108	flank:3386	span:3
[2026-02-07 03:25:21] DEBUG: Starting -50 aln:537
[2026-02-07 03:25:21] DEBUG: 	      22	num:109	flank:3285	span:34
[2026-02-07 03:25:21] DEBUG: 	      -18	num:203	flank:4363	span:3
[2026-02-07 03:25:21] DEBUG: Mult: 50	12478	251	 (1,1)
[2026-02-07 03:25:21] DEBUG: Starting 55 aln:328
[2026-02-07 03:25:21] DEBUG: 	      -7	num:104	flank:3266	span:5
[2026-02-07 03:25:21] DEBUG: 	      -49	num:119	flank:3355	span:5
[2026-02-07 03:25:21] DEBUG: Starting -53 aln:244
[2026-02-07 03:25:21] DEBUG: 	      -22	num:81	flank:3420	span:3
[2026-02-07 03:25:21] DEBUG: 	      -30	num:74	flank:3579	span:3
[2026-02-07 03:25:21] DEBUG: Mult: 53 -> 55	41746	142	 (1,1)
[2026-02-07 03:25:21] DEBUG: Total unique edges: 19
[2026-02-07 03:25:21] DEBUG: 	Connection -45	12	3	1
[2026-02-07 03:25:21] DEBUG: 	Connection -48	44	5	1
[2026-02-07 03:25:21] DEBUG: 	Connection -3	42	2	1
[2026-02-07 03:25:21] DEBUG: 	Connection -7	47	4	1
[2026-02-07 03:25:21] DEBUG: 	Connection -18	-11	23	1
[2026-02-07 03:25:21] DEBUG: 	Connection -5	-3	1	1
[2026-02-07 03:25:21] DEBUG: 	Connection -49	-4	12	1
[2026-02-07 03:25:21] DEBUG: 	Connection 42	-46	7	1
[2026-02-07 03:25:21] DEBUG: 	Connection 47	-44	26	1
[2026-02-07 03:25:21] DEBUG: [SIMPL] Resolved repeats: 9
[2026-02-07 03:25:21] DEBUG: RR links: 166
[2026-02-07 03:25:21] DEBUG: Unresolved: 0
[2026-02-07 03:25:21] DEBUG: Removed 0 simple and 0 double chimeric junctions
[2026-02-07 03:25:21] DEBUG: [SIMPL] == Iteration 2 ==
[2026-02-07 03:25:21] DEBUG: Splitting nodes
[2026-02-07 03:25:21] DEBUG: [SIMPL] Split 0 nodes
[2026-02-07 03:25:21] DEBUG: [SIMPL] Clipped 0 short and 0 long tips
[2026-02-07 03:25:21] DEBUG: [SIMPL] Masked 0 heterozygous loops
[2026-02-07 03:25:21] DEBUG: [SIMPL] Masked 0 simple bubbles
[2026-02-07 03:25:21] DEBUG: Finding repeats
[2026-02-07 03:25:21] DEBUG: Read coverage cutoff: 26
[2026-02-07 03:25:21] DEBUG: Repeat detection iteration 1
[2026-02-07 03:25:21] DEBUG: Starting 51 aln:171
[2026-02-07 03:25:21] DEBUG: 	      30	num:16	flank:2561	span:3
[2026-02-07 03:25:21] DEBUG: 	      -12	num:29	flank:2638	span:5
[2026-02-07 03:25:21] DEBUG: Starting -51 aln:171
[2026-02-07 03:25:21] DEBUG: 	      -48	num:87	flank:3514	span:3
[2026-02-07 03:25:21] DEBUG: 	      -25	num:39	flank:2758	span:1
[2026-02-07 03:25:21] DEBUG: Mult: 51	6294	80	 (1,1)
[2026-02-07 03:25:21] DEBUG: Starting 50 aln:537
[2026-02-07 03:25:21] DEBUG: 	      -5	num:117	flank:4292	span:5
[2026-02-07 03:25:21] DEBUG: 	      25	num:108	flank:3386	span:3
[2026-02-07 03:25:21] DEBUG: Starting -50 aln:537
[2026-02-07 03:25:21] DEBUG: 	      22	num:109	flank:3285	span:34
[2026-02-07 03:25:21] DEBUG: 	      -18	num:203	flank:4363	span:3
[2026-02-07 03:25:21] DEBUG: Mult: 50	12478	251	 (1,1)
[2026-02-07 03:25:21] DEBUG: Starting 55 aln:328
[2026-02-07 03:25:21] DEBUG: 	      -7	num:104	flank:3266	span:5
[2026-02-07 03:25:21] DEBUG: 	      -49	num:119	flank:3355	span:5
[2026-02-07 03:25:21] DEBUG: Starting -53 aln:244
[2026-02-07 03:25:21] DEBUG: 	      -22	num:81	flank:3420	span:3
[2026-02-07 03:25:21] DEBUG: 	      -30	num:74	flank:3579	span:3
[2026-02-07 03:25:21] DEBUG: Mult: 53 -> 55	41746	142	 (1,1)
[2026-02-07 03:25:21] DEBUG: Total unique edges: 29
[2026-02-07 03:25:21] DEBUG: [SIMPL] Resolved repeats: 0
[2026-02-07 03:25:21] DEBUG: RR links: 0
[2026-02-07 03:25:21] DEBUG: Unresolved: 0
[2026-02-07 03:25:21] DEBUG: Removed 0 simple and 0 double chimeric junctions
[2026-02-07 03:25:21] DEBUG: [SIMPL] Collapsed 0 haplotypes
[2026-02-07 03:25:21] DEBUG: [SIMPL] Resolved 0 simple repeats
[2026-02-07 03:25:21] DEBUG: Read coverage cutoff: 26
[2026-02-07 03:25:21] DEBUG: [SIMPL] Removed 0 paths with low coverage
[2026-02-07 03:25:21] DEBUG: Finding repeats
[2026-02-07 03:25:21] DEBUG: Read coverage cutoff: 26
[2026-02-07 03:25:21] DEBUG: Repeat detection iteration 1
[2026-02-07 03:25:21] DEBUG: Starting 51 aln:171
[2026-02-07 03:25:21] DEBUG: 	      30	num:16	flank:2561	span:3
[2026-02-07 03:25:21] DEBUG: 	      -12	num:29	flank:2638	span:5
[2026-02-07 03:25:21] DEBUG: Starting -51 aln:171
[2026-02-07 03:25:21] DEBUG: 	      -48	num:87	flank:3514	span:3
[2026-02-07 03:25:21] DEBUG: 	      -25	num:39	flank:2758	span:1
[2026-02-07 03:25:21] DEBUG: Mult: 51	6294	80	 (1,1)
[2026-02-07 03:25:21] DEBUG: Starting 50 aln:537
[2026-02-07 03:25:21] DEBUG: 	      -5	num:117	flank:4292	span:5
[2026-02-07 03:25:21] DEBUG: 	      25	num:108	flank:3386	span:3
[2026-02-07 03:25:21] DEBUG: Starting -50 aln:537
[2026-02-07 03:25:21] DEBUG: 	      22	num:109	flank:3285	span:34
[2026-02-07 03:25:21] DEBUG: 	      -18	num:203	flank:4363	span:3
[2026-02-07 03:25:21] DEBUG: Mult: 50	12478	251	 (1,1)
[2026-02-07 03:25:21] DEBUG: Starting 55 aln:328
[2026-02-07 03:25:21] DEBUG: 	      -7	num:104	flank:3266	span:5
[2026-02-07 03:25:21] DEBUG: 	      -49	num:119	flank:3355	span:5
[2026-02-07 03:25:21] DEBUG: Starting -53 aln:244
[2026-02-07 03:25:21] DEBUG: 	      -22	num:81	flank:3420	span:3
[2026-02-07 03:25:21] DEBUG: 	      -30	num:74	flank:3579	span:3
[2026-02-07 03:25:21] DEBUG: Mult: 53 -> 55	41746	142	 (1,1)
[2026-02-07 03:25:21] DEBUG: Writing Dot
[2026-02-07 03:25:21] DEBUG: Writing FASTA
[2026-02-07 03:25:21] DEBUG: Peak RAM usage: 0 Gb
-----------End assembly log------------
[2026-02-07 03:25:22] root: INFO: >>>STAGE: contigger
[2026-02-07 03:25:22] root: INFO: Generating contigs
[2026-02-07 03:25:22] root: DEBUG: -----Begin contigger analyser log------
[2026-02-07 03:25:22] root: DEBUG: Running: flye-modules contigger --graph-edges /Users/kexin/Desktop/assign1/flye_out/20-repeat/repeat_graph_edges.fasta --reads /Users/kexin/Desktop/assign1/SRR32410565.fastq.gz --out-dir /Users/kexin/Desktop/assign1/flye_out/30-contigger --config /opt/anaconda3/envs/flye_env/lib/python3.11/site-packages/flye/config/bin_cfg/asm_raw_reads.cfg --repeat-graph /Users/kexin/Desktop/assign1/flye_out/20-repeat/repeat_graph_dump --graph-aln /Users/kexin/Desktop/assign1/flye_out/20-repeat/read_alignment_dump --log /Users/kexin/Desktop/assign1/flye_out/flye.log --threads 2 --min-ovlp 3000
[2026-02-07 03:25:22] DEBUG: Build date: May  4 2025 23:15:43
[2026-02-07 03:25:22] DEBUG: Total RAM: 8 Gb
[2026-02-07 03:25:22] DEBUG: Available RAM: 0 Gb
[2026-02-07 03:25:22] DEBUG: Total CPUs: 8
[2026-02-07 03:25:22] DEBUG: Loading /opt/anaconda3/envs/flye_env/lib/python3.11/site-packages/flye/config/bin_cfg/asm_raw_reads.cfg
[2026-02-07 03:25:22] DEBUG: Loading /opt/anaconda3/envs/flye_env/lib/python3.11/site-packages/flye/config/bin_cfg/asm_defaults.cfg
[2026-02-07 03:25:22] DEBUG: 	big_genome_threshold=29000000
[2026-02-07 03:25:22] DEBUG: 	meta_read_filter_kmer_freq=100
[2026-02-07 03:25:22] DEBUG: 	chain_large_gap_penalty=2
[2026-02-07 03:25:22] DEBUG: 	chain_small_gap_penalty=0.5
[2026-02-07 03:25:22] DEBUG: 	chain_gap_jump_threshold=100
[2026-02-07 03:25:22] DEBUG: 	max_jump_gap=500
[2026-02-07 03:25:22] DEBUG: 	max_coverage_drop_rate=5
[2026-02-07 03:25:22] DEBUG: 	max_extensions_drop_rate=5
[2026-02-07 03:25:22] DEBUG: 	chimera_window=100
[2026-02-07 03:25:22] DEBUG: 	chimera_overhang=1000
[2026-02-07 03:25:22] DEBUG: 	min_reads_in_disjointig=4
[2026-02-07 03:25:22] DEBUG: 	max_inner_reads=10
[2026-02-07 03:25:22] DEBUG: 	max_inner_fraction=0.25
[2026-02-07 03:25:22] DEBUG: 	aggressive_dup_filter=1
[2026-02-07 03:25:22] DEBUG: 	max_separation=500
[2026-02-07 03:25:22] DEBUG: 	unique_edge_length=50000
[2026-02-07 03:25:22] DEBUG: 	min_repeat_res_support=0.51
[2026-02-07 03:25:22] DEBUG: 	out_paths_ratio=5
[2026-02-07 03:25:22] DEBUG: 	graph_cov_drop_rate=5
[2026-02-07 03:25:22] DEBUG: 	coverage_estimate_window=100
[2026-02-07 03:25:22] DEBUG: 	max_bubble_length=50000
[2026-02-07 03:25:22] DEBUG: 	loop_coverage_rate=1.5
[2026-02-07 03:25:22] DEBUG: 	repeat_edge_cov_mult=1.75
[2026-02-07 03:25:22] DEBUG: 	weak_detach_rate=5
[2026-02-07 03:25:22] DEBUG: 	tip_coverage_rate=2
[2026-02-07 03:25:22] DEBUG: 	tip_length_rate=2
[2026-02-07 03:25:22] DEBUG: 	output_gfa_before_rr=1
[2026-02-07 03:25:22] DEBUG: 	remove_alt_edges=0
[2026-02-07 03:25:22] DEBUG: 	low_cutoff_warning=1
[2026-02-07 03:25:22] DEBUG: 	kmer_size=17
[2026-02-07 03:25:22] DEBUG: 	use_minimizers=0
[2026-02-07 03:25:22] DEBUG: 	reads_base_alignment=0
[2026-02-07 03:25:22] DEBUG: 	meta_read_top_kmer_rate=0.40
[2026-02-07 03:25:22] DEBUG: 	maximum_jump=1500
[2026-02-07 03:25:22] DEBUG: 	maximum_overhang=1500
[2026-02-07 03:25:22] DEBUG: 	repeat_kmer_rate=100
[2026-02-07 03:25:22] DEBUG: 	assemble_ovlp_divergence=0.10
[2026-02-07 03:25:22] DEBUG: 	assemble_divergence_relative=1
[2026-02-07 03:25:22] DEBUG: 	repeat_graph_ovlp_divergence=0.08
[2026-02-07 03:25:22] DEBUG: 	read_align_ovlp_divergence=0.25
[2026-02-07 03:25:22] DEBUG: 	hpc_scoring_on=0
[2026-02-07 03:25:22] DEBUG: 	add_unassembled_reads=0
[2026-02-07 03:25:22] DEBUG: 	extend_contigs_with_repeats=0
[2026-02-07 03:25:22] DEBUG: 	min_read_cov_cutoff=3
[2026-02-07 03:25:22] DEBUG: 	short_tip_length=20000
[2026-02-07 03:25:22] DEBUG: 	long_tip_length=100000
[2026-02-07 03:25:22] DEBUG: Running with k-mer size: 17
[2026-02-07 03:25:22] DEBUG: Selected minimum overlap 3000
[2026-02-07 03:25:22] INFO: Reading sequences
[2026-02-07 03:25:30] DEBUG: Building positional index
[2026-02-07 03:25:30] DEBUG: Total sequence: 809296219 bp
[2026-02-07 03:25:30] DEBUG: Flipped 0
[2026-02-07 03:25:30] DEBUG: UPath 1: -12 -> -56 -> 45 -> 46 -> -63 -> -42 -> -58 -> 3 -> -61 -> 5
[2026-02-07 03:25:30] DEBUG: UPath 2: -18 -> 60 -> -11 -> -43 -> 4 -> 62 -> 49
[2026-02-07 03:25:30] DEBUG: UPath 3: -48 -> 57 -> 44 -> -64 -> -47 -> -59 -> 7
[2026-02-07 03:25:30] DEBUG: UPath 4: 22
[2026-02-07 03:25:30] DEBUG: UPath 5: 25
[2026-02-07 03:25:30] DEBUG: UPath 6: 30
[2026-02-07 03:25:30] DEBUG: UPath 7: 50
[2026-02-07 03:25:30] DEBUG: UPath 8: 51
[2026-02-07 03:25:30] DEBUG: UPath 9: 52
[2026-02-07 03:25:30] DEBUG: UPath 10: 53 -> 55
[2026-02-07 03:25:30] DEBUG: UPath 11: 54
[2026-02-07 03:25:30] DEBUG: Final graph contains 11 egdes
[2026-02-07 03:25:30] DEBUG: Extending contigs into repeats
[2026-02-07 03:25:30] DEBUG: Covered 0 repetitive contigs
[2026-02-07 03:25:30] INFO: Generated 11 contigs
[2026-02-07 03:25:30] DEBUG: Writing FASTA
[2026-02-07 03:25:30] DEBUG: Generating scaffold connections
[2026-02-07 03:25:30] INFO: Added 0 scaffold connections
[2026-02-07 03:25:30] DEBUG: Writing Dot
[2026-02-07 03:25:30] DEBUG: Writing FASTA
[2026-02-07 03:25:30] DEBUG: Writing Gfa
[2026-02-07 03:25:30] DEBUG: Peak RAM usage: 0 Gb
-----------End assembly log------------
[2026-02-07 03:25:30] root: INFO: >>>STAGE: polishing
[2026-02-07 03:25:30] root: INFO: Polishing genome (1/1)
[2026-02-07 03:25:30] root: INFO: Running minimap2
[2026-02-07 03:27:05] root: INFO: Separating alignment into bubbles
[2026-02-07 03:29:43] root: DEBUG: Generated 355016 bubbles
[2026-02-07 03:29:43] root: DEBUG: Split 0 long bubbles
[2026-02-07 03:29:43] root: DEBUG: Skipped 0 empty bubbles
[2026-02-07 03:29:43] root: DEBUG: Skipped 0 bubbles with long branches
[2026-02-07 03:29:43] root: INFO: Alignment error rate: 0.017921
[2026-02-07 03:29:43] root: INFO: Correcting bubbles
[2026-02-07 03:30:54] root: DEBUG: Mean contig coverage: 160, selected threshold: 32
[2026-02-07 03:30:54] root: DEBUG: Filtered 1 contigs of total length 6290
[2026-02-07 03:30:54] root: DEBUG: Generating polished GFA
[2026-02-07 03:30:56] root: DEBUG: 1 sequences remained unpolished
[2026-02-07 03:30:56] root: INFO: >>>STAGE: finalize
[2026-02-07 03:30:56] root: DEBUG: ---Output dir contents:----
[2026-02-07 03:30:56] root: DEBUG: flye_out/
[2026-02-07 03:30:56] root: DEBUG:     6.0 K       .DS_Store
[2026-02-07 03:30:56] root: DEBUG:     4.0 M       assembly_graph.gfa
[2026-02-07 03:30:56] root: DEBUG:     92.0 B      params.json
[2026-02-07 03:30:56] root: DEBUG:     1.0 K       assembly_graph.gv
[2026-02-07 03:30:56] root: DEBUG:     45.0 K      flye.log
[2026-02-07 03:30:56] root: DEBUG:     4.0 M       assembly.fasta
[2026-02-07 03:30:56] root: DEBUG:     00-assembly/
[2026-02-07 03:30:56] root: DEBUG:         370.0 B     draft_assembly.fasta.fai
[2026-02-07 03:30:56] root: DEBUG:         5.0 M       draft_assembly.fasta
[2026-02-07 03:30:56] root: DEBUG:     40-polishing/
[2026-02-07 03:30:56] root: DEBUG:         4.0 M       filtered_contigs.fasta
[2026-02-07 03:30:56] root: DEBUG:         1.0 M       base_coverage.bed.gz
[2026-02-07 03:30:56] root: DEBUG:         244.0 B     contigs_stats.txt
[2026-02-07 03:30:56] root: DEBUG:         883.0 B     minimap.stderr
[2026-02-07 03:30:56] root: DEBUG:         56.0 K      minimap_1.bam.csi
[2026-02-07 03:30:56] root: DEBUG:         227.0 B     filtered_stats.txt
[2026-02-07 03:30:56] root: DEBUG:         293.0 B     filtered_contigs.fasta.fai
[2026-02-07 03:30:56] root: DEBUG:         4.0 M       polished_edges.gfa
[2026-02-07 03:30:56] root: DEBUG:         292.0 B     edges_aln.bam.csi
[2026-02-07 03:30:56] root: DEBUG:     20-repeat/
[2026-02-07 03:30:56] root: DEBUG:         4.0 M       graph_before_rr.gfa
[2026-02-07 03:30:56] root: DEBUG:         34.0 M      read_alignment_dump
[2026-02-07 03:30:56] root: DEBUG:         8.0 K       repeat_graph_dump
[2026-02-07 03:30:56] root: DEBUG:         4.0 M       graph_before_rr.fasta
[2026-02-07 03:30:56] root: DEBUG:         3.0 K       graph_before_rr.gv
[2026-02-07 03:30:56] root: DEBUG:         4.0 M       repeat_graph_edges.fasta
[2026-02-07 03:30:56] root: DEBUG:         4.0 K       graph_after_rr.gv
[2026-02-07 03:30:56] root: DEBUG:     30-contigger/
[2026-02-07 03:30:56] root: DEBUG:         4.0 M       graph_final.fasta
[2026-02-07 03:30:56] root: DEBUG:         4.0 M       contigs.fasta
[2026-02-07 03:30:56] root: DEBUG:         496.0 B     contigs_stats.txt
[2026-02-07 03:30:56] root: DEBUG:         0.0 B       scaffolds_links.txt
[2026-02-07 03:30:56] root: DEBUG:         323.0 B     contigs.fasta.fai
[2026-02-07 03:30:56] root: DEBUG:         1.0 K       graph_final.gv
[2026-02-07 03:30:56] root: DEBUG:         4.0 M       graph_final.gfa
[2026-02-07 03:30:56] root: DEBUG:     10-consensus/
[2026-02-07 03:30:56] root: DEBUG:         5.0 M       consensus.fasta
[2026-02-07 03:30:56] root: DEBUG:         932.0 B     minimap.stderr
[2026-02-07 03:30:56] root: DEBUG:         56.0 K      minimap.bam.csi
[2026-02-07 03:30:56] root: DEBUG: --------------------------
[2026-02-07 03:30:56] root: INFO: Assembly statistics:

	Total length:	5137773
	Fragments:	10
	Fragments N50:	1259145
	Largest frg:	1580756
	Scaffolds:	0
	Mean coverage:	161

[2026-02-07 03:30:56] root: INFO: Final assembly: /Users/kexin/Desktop/assign1/flye_out/assembly.fasta
